// Jest Snapshot v1, https://goo.gl/fbAQLP

exports[`Square matches snapshot 1`] = `
<button
  className="square"
  data-testid="square"
/>
`;
